3  16847.59  17355.76  18864.83  18995.53  19224.50
4   6168.20   6292.20   6495.60   6804.10   7254.70
5   1979.40   2041.80   2100.20   2498.70   2610.60
6   8037.70   8179.00   8761.30   9260.90   9930.10
7  86312.40  94933.10 106268.80 116313.00 125176.00
8  39688.20  42262.40  47733.30  52042.10  54425.70
9  14966.40  15750.40  16548.00  17709.90  18601.10
10 10548.90  11053.50  11360.10  11689.90  12180.20
11 11471.50  12632.20  14698.60  16788.00  19349.30
12 10407.50  10882.90  11501.60  12131.70  12645.10
13 10989.50  11323.90  12723.70  13250.60  13998.10
14 73493.60  82075.20  92499.30  93666.40  97703.40
15 97701.90 107069.90 115397.00 127369.60 135391.90
16 55004.50  57331.10  60389.30  67432.30  69868.50
17 10692.00  11609.20  12588.40  13622.40  14169.20
18 13519.20  13920.70  14662.50  15491.10  16306.70
19 10099.45  11497.92  12030.85  12283.96  12567.10
20  8963.90   9215.50  10360.00  10918.10  11090.20
21  1484.50   1538.20   1598.70   1664.10   1731.10
 [ reached 'max' / getOption("max.print") -- omitted 10 rows ]
> EuclideanDistance
Error: object 'EuclideanDistance' not found
> install.packages("proxy")
Installing package into ‘C:/Users/USER/Documents/R/win-library/3.6’
(as ‘lib’ is unspecified)
trying URL 'https://cran.rstudio.com/bin/windows/contrib/3.6/proxy_0.4-23.zip'
Content type 'application/zip' length 252550 bytes (246 KB)
downloaded 246 KB

package ‘proxy’ successfully unpacked and MD5 sums checked

The downloaded binary packages are in
	C:\Users\USER\AppData\Local\Temp\Rtmp6DgwP6\downloaded_packages
> x <- c(0, 0, 1, 1, 1, 1)
> y <- c(1, 0, 1, 1, 0, 1)
> dist(rbind(x, y), method = "binary")
    x
y 0.4
> n<-dist(rbind(x, y), method = "binary")
> n
    x
y 0.4
> n*2
    x
y 0.8
> typeof(n)
[1] "double"
> n[x,y]
Error in n[x, y] : incorrect number of dimensions
> n[1,1]
Error in n[1, 1] : incorrect number of dimensions
> n["y","x"]
Error in n["y", "x"] : incorrect number of dimensions
> n["x","y"]
Error in n["x", "y"] : incorrect number of dimensions
> klasifikasiKmeanPDRB<-function(data_siap_klasifikasi,model_kmean=modelkmean,modelkmeanklassen){
+     for(i in 1:nrow())
+ }
Error: unexpected '}' in:
"    for(i in 1:nrow())
}"
> klasifikasiKmeanPDRB<-function(data_siap_klasifikasi,model_kmean=modelkmean,modelkmeanklassen){
+     for(i in 1:nrow()){}
+ }
> modelkmean
              S12011    S12012    S12013    S12014    S12015       S22011       S22012
Cluster 1  1590913.2 1687369.8 1796207.8 1925704.9 2025759.8   131685.650   136953.550
Cluster 2   533983.0  565556.6  587779.7  622156.0  659488.2   975759.600  1002378.650
Cluster 3   552940.6  574863.5  614772.6  641013.3  658635.2    26338.367    28446.733
Cluster 4   993857.3 1039440.7 1083141.8 1129052.7 1171578.7   748956.300   771561.600
Cluster 5   249963.5  263078.8  279115.0  294087.8  312393.5     5937.298     6381.932
Cluster 6   615802.3  615292.2  650326.1  701434.6  752293.6    30014.070    31673.010
Cluster 7   764020.2  823987.0  892784.8  945073.7 1010665.1    52348.160    54897.520
Cluster 8   151491.3  160386.7  169359.2  178960.4  187091.5     5058.327     5969.545
Cluster 9   404858.5  422006.3  443481.6  469112.0  496292.0    11503.700    12242.100
Cluster 10 6505246.8 6910302.7 7322460.6 7728219.1 8198091.7 48295331.600 44940397.250
                S22013       S22014       S22015     S32011     S32012     S32013
Cluster 1    141292.55   146526.500   152090.650  287052.55  294905.65  307705.05
Cluster 2   1047995.75  1114555.100  1192373.900   36625.00   38375.80   39587.05
Cluster 3     30346.80    31277.033    32943.267   90353.43   93340.13   97798.67
Cluster 4    791054.40   794489.500   767327.200 1607452.00 1697787.20 1771961.90
Cluster 5      6873.00     7322.168     7957.240    9417.64   10071.71   10747.29
Cluster 6     33372.76    35144.850    36940.750  656496.00  683867.50  709410.90
Cluster 7     58454.88    63063.140    68109.230  376582.69  394398.77  414587.71
Cluster 8      6756.80     7259.736     7712.282    1129.70    1144.70    1240.10
Cluster 9     13028.10    13869.767    14732.633   37211.17   39270.53   41436.30
Cluster 10 49161271.86 48068667.180 51228879.785 1141243.36 1163470.64 1189060.94
                S32014      S32015      S42011      S42012      S42013      S42014
Cluster 1   330629.300  347458.200  2725.40000  3014.85000  3230.20000  3561.45000
Cluster 2    42726.250   45844.100  1302.75000  1382.15000  1528.80000  1651.55000
Cluster 3   101899.633  105678.067  2993.93333  3322.63333  3606.66667  3746.40000
Cluster 4  1854256.700 1934533.200 76678.10000 84393.00000 88805.10000 94047.20000
Cluster 5    11424.948   12261.996    59.12400    78.37200    84.36000   138.63000
Cluster 6   741155.100  771734.950   106.84000   110.96000   115.67000   122.45000
Cluster 7   448986.060  473538.260  7785.51000  8577.16000  9113.86000  9550.73000
Cluster 8     1314.855    1404.936    23.34545    24.53636    31.71818    50.70909
Cluster 9    43624.400   46129.500   192.63333   213.73333   227.83333   332.60000
Cluster 10 1290862.760 1340571.070 19035.91500 21129.90000 22715.53000 24521.00500
                S42015     S52011    S52012    S52013    S52014    S52015     S62011
Cluster 1   3633.60000  538016.00  619291.7  719006.3  828554.1  971380.0  692518.50
Cluster 2   1709.10000  351152.20  405763.5  458525.6  521346.4  580360.2  300290.95
Cluster 3   3740.66667  188782.27  215722.0  243924.0  261139.7  280552.1  396030.73
Cluster 4  94894.80000  683421.90  728226.4  772719.6  826615.6  879163.9 1013199.60
Cluster 5    157.63800  197928.97  223896.4  251436.1  279933.9  308344.7   53999.65
Cluster 6    120.11000  503434.54  539402.1  606947.5  640815.2  668626.6  116909.10
Cluster 7   9663.74000 2253028.81 2552855.0 2927464.2 3266017.9 3617861.4 2182774.79
Cluster 8     54.11818   97705.08  114646.6  128483.1  140593.6  157107.1   43183.31
Cluster 9    351.53333  251940.40  283529.7  312586.7  347986.1  377630.7   88534.90
Cluster 10 24652.10500 5094529.78 5767427.4 6430323.0 6984003.4 7737895.3 4222713.03
               S62012     S62013     S62014     S62015     S72011     S72012     S72013
Cluster 1   762549.65  834757.40  907753.40  987005.35  561694.25  621913.80  687716.55
Cluster 2   336289.80  380368.40  436182.20  467921.45  122193.75  133007.65  145259.30
Cluster 3   422674.17  465713.13  495409.10  536514.17  295222.63  319494.77  348054.10
Cluster 4  1067911.50 1119272.10 1177297.50 1207751.10  265774.00  284662.60  304506.20
Cluster 5    57945.17   61085.59   63912.81   68707.72   25881.30   27718.94   29592.69
Cluster 6   123664.70  130813.46  138474.87  147955.14   43533.51   44747.89   45990.55
Cluster 7  2315594.02 2528243.40 2701769.36 2927408.75  656267.05  706834.49  772448.66
Cluster 8    48705.12   53233.59   58141.94   61725.96   11709.35   12762.24   14513.77
Cluster 9    93744.90   99369.20  105837.53  113639.97   36854.23   38792.43   41294.97
Cluster 10 4638320.85 5067702.51 5433467.85 5869066.02 2174138.76 2360424.28 2548431.03
               S72014     S72015      S82011      S82012     S82013       S82014
Cluster 1   755313.05  827178.20 102351.4000 109998.5000 127235.300  142219.2000
Cluster 2   161650.05  176920.90  33073.7500  38877.9500  46269.150   56069.2000
Cluster 3   375318.17  402652.27  76471.9000  82586.6667  96375.167  102264.2333
Cluster 4   326933.00  348773.80 256443.0000 280896.1000 305515.100  319825.5000
Cluster 5    31522.90   33208.03   4125.9020   4491.3340   5034.876    5530.5720
Cluster 6    47378.75   48776.31  16547.1400  18114.2700  20937.080   22629.6400
Cluster 7   852735.72  921818.20 547138.4400 590277.6600 681869.600  754332.0700
Cluster 8    15679.60   16790.69    550.2091    611.0909    785.700     839.2455
Cluster 9    43776.10   45744.50  10569.9333  11752.8000  13629.333   14876.5000
Cluster 10 2812976.27 3081064.04 810875.9450 867717.2800 988993.330 1061537.9550
                 S82015     S92011     S92012     S92013    S92014    S92015
Cluster 1   146236.8500  79903.000  88504.150  99384.050 104989.70 111439.70
Cluster 2    59711.4000  34261.850  35625.900  37525.900  41461.70  43087.60
Cluster 3   105510.6333  38484.400  40538.433  47324.900  51636.67  54311.83
Cluster 4   347308.6000 109372.400 115675.400 123083.100 134070.10 144902.40
Cluster 5     5983.9980  11058.350  12163.604  13394.630  14280.39  15222.54
Cluster 6    22810.8100  16847.590  17355.760  18864.830  18995.53  19224.50
Cluster 7   783793.1600 275487.830 310738.310 351676.900 393262.75 439006.18
Cluster 8      872.2727   8624.755   9080.009   9757.082  10513.58  11247.83
Cluster 9    15502.5333  14226.800  14948.567  16049.500  17013.27  18056.13
Cluster 10 1087399.5250 537304.430 586462.275 646143.695 702447.91 751427.15
> u
   nama.wilayah kuadran_wilayah
1      cluster1              K1
2      cluster2              K3
3      cluster3              K3
4      cluster4              K1
5      cluster5              K3
6      cluster6              K3
7      cluster7              K1
8      cluster8              K3
9      cluster9              K3
10    cluster10              K2
> model_kmean_Klassen <-cbind(modelkmean,kuadran=u[,2])
> model_kmean_Klassen
           S12011             S12012             S12013             S12014            
Cluster 1  "1590913.25"       "1687369.75"       "1796207.8"        "1925704.9"       
Cluster 2  "533983"           "565556.6"         "587779.7"         "622156"          
Cluster 3  "552940.566666667" "574863.533333333" "614772.566666667" "641013.3"        
Cluster 4  "993857.3"         "1039440.7"        "1083141.8"        "1129052.7"       
Cluster 5  "249963.532"       "263078.822"       "279115.002"       "294087.792"      
Cluster 6  "615802.35"        "615292.24"        "650326.06"        "701434.59"       
Cluster 7  "764020.21"        "823987.04"        "892784.76"        "945073.7"        
Cluster 8  "151491.290909091" "160386.663636364" "169359.181818182" "178960.354545455"
Cluster 9  "404858.466666667" "422006.333333333" "443481.633333333" "469112"          
Cluster 10 "6505246.83"       "6910302.675"      "7322460.58"       "7728219.1"       
           S12015             S22011             S22012             S22013       
Cluster 1  "2025759.75"       "131685.65"        "136953.55"        "141292.55"  
Cluster 2  "659488.2"         "975759.6"         "1002378.65"       "1047995.75" 
Cluster 3  "658635.233333333" "26338.3666666667" "28446.7333333333" "30346.8"    
Cluster 4  "1171578.7"        "748956.3"         "771561.6"         "791054.4"   
Cluster 5  "312393.508"       "5937.298"         "6381.932"         "6873"       
Cluster 6  "752293.6"         "30014.07"         "31673.01"         "33372.76"   
Cluster 7  "1010665.05"       "52348.16"         "54897.52"         "58454.88"   
Cluster 8  "187091.5"         "5058.32727272727" "5969.54545454545" "6756.8"     
Cluster 9  "496292.033333333" "11503.7"          "12242.1"          "13028.1"    
Cluster 10 "8198091.725"      "48295331.6"       "44940397.25"      "49161271.86"
           S22014             S22015             S32011             S32012            
Cluster 1  "146526.5"         "152090.65"        "287052.55"        "294905.65"       
Cluster 2  "1114555.1"        "1192373.9"        "36625"            "38375.8"         
Cluster 3  "31277.0333333333" "32943.2666666667" "90353.4333333333" "93340.1333333333"
Cluster 4  "794489.5"         "767327.2"         "1607452"          "1697787.2"       
Cluster 5  "7322.168"         "7957.24"          "9417.64"          "10071.714"       
Cluster 6  "35144.85"         "36940.75"         "656496"           "683867.5"        
Cluster 7  "63063.14"         "68109.23"         "376582.69"        "394398.77"       
Cluster 8  "7259.73636363636" "7712.28181818182" "1129.7"           "1144.7"          
Cluster 9  "13869.7666666667" "14732.6333333333" "37211.1666666667" "39270.5333333333"
Cluster 10 "48068667.18"      "51228879.785"     "1141243.365"      "1163470.635"     
           S32013             S32014             S32015             S42011            
Cluster 1  "307705.05"        "330629.3"         "347458.2"         "2725.4"          
Cluster 2  "39587.05"         "42726.25"         "45844.1"          "1302.75"         
Cluster 3  "97798.6666666667" "101899.633333333" "105678.066666667" "2993.93333333333"
Cluster 4  "1771961.9"        "1854256.7"        "1934533.2"        "76678.1"         
Cluster 5  "10747.288"        "11424.948"        "12261.996"        "59.124"          
Cluster 6  "709410.9"         "741155.1"         "771734.95"        "106.84"          
Cluster 7  "414587.71"        "448986.06"        "473538.26"        "7785.51"         
Cluster 8  "1240.1"           "1314.85454545455" "1404.93636363636" "23.3454545454545"
Cluster 9  "41436.3"          "43624.4"          "46129.5"          "192.633333333333"
Cluster 10 "1189060.94"       "1290862.76"       "1340571.07"       "19035.915"       
           S42012             S42013             S42014             S42015            
Cluster 1  "3014.85"          "3230.2"           "3561.45"          "3633.6"          
Cluster 2  "1382.15"          "1528.8"           "1651.55"          "1709.1"          
Cluster 3  "3322.63333333333" "3606.66666666667" "3746.4"           "3740.66666666667"
Cluster 4  "84393"            "88805.1"          "94047.2"          "94894.8"         
Cluster 5  "78.372"           "84.36"            "138.63"           "157.638"         
Cluster 6  "110.96"           "115.67"           "122.45"           "120.11"          
Cluster 7  "8577.16"          "9113.86"          "9550.73"          "9663.74"         
Cluster 8  "24.5363636363636" "31.7181818181818" "50.7090909090909" "54.1181818181818"
Cluster 9  "213.733333333333" "227.833333333333" "332.6"            "351.533333333333"
Cluster 10 "21129.9"          "22715.53"         "24521.005"        "24652.105"       
           S52011             S52012             S52013             S52014            
Cluster 1  "538016"           "619291.65"        "719006.35"        "828554.1"        
Cluster 2  "351152.2"         "405763.45"        "458525.6"         "521346.35"       
Cluster 3  "188782.266666667" "215722.033333333" "243923.966666667" "261139.7"        
Cluster 4  "683421.9"         "728226.4"         "772719.6"         "826615.6"        
Cluster 5  "197928.972"       "223896.448"       "251436.088"       "279933.934"      
Cluster 6  "503434.54"        "539402.09"        "606947.52"        "640815.19"       
Cluster 7  "2253028.81"       "2552854.99"       "2927464.24"       "3266017.87"      
Cluster 8  "97705.0818181818" "114646.618181818" "128483.136363636" "140593.618181818"
Cluster 9  "251940.4"         "283529.7"         "312586.7"         "347986.066666667"
Cluster 10 "5094529.785"      "5767427.39"       "6430323.05"       "6984003.445"     
           S52015             S62011             S62012             S62013            
Cluster 1  "971380"           "692518.5"         "762549.65"        "834757.4"        
Cluster 2  "580360.25"        "300290.95"        "336289.8"         "380368.4"        
Cluster 3  "280552.1"         "396030.733333333" "422674.166666667" "465713.133333333"
Cluster 4  "879163.9"         "1013199.6"        "1067911.5"        "1119272.1"       
Cluster 5  "308344.746"       "53999.648"        "57945.172"        "61085.588"       
Cluster 6  "668626.57"        "116909.1"         "123664.7"         "130813.46"       
Cluster 7  "3617861.39"       "2182774.79"       "2315594.02"       "2528243.4"       
Cluster 8  "157107.136363636" "43183.3090909091" "48705.1181818182" "53233.5909090909"
Cluster 9  "377630.733333333" "88534.9"          "93744.9"          "99369.2"         
Cluster 10 "7737895.35"       "4222713.03"       "4638320.845"      "5067702.51"      
           S62014             S62015             S72011             S72012            
Cluster 1  "907753.4"         "987005.35"        "561694.25"        "621913.8"        
Cluster 2  "436182.2"         "467921.45"        "122193.75"        "133007.65"       
Cluster 3  "495409.1"         "536514.166666667" "295222.633333333" "319494.766666667"
Cluster 4  "1177297.5"        "1207751.1"        "265774"           "284662.6"        
Cluster 5  "63912.808"        "68707.722"        "25881.3"          "27718.944"       
Cluster 6  "138474.87"        "147955.14"        "43533.51"         "44747.89"        
Cluster 7  "2701769.36"       "2927408.75"       "656267.05"        "706834.49"       
Cluster 8  "58141.9363636364" "61725.9636363636" "11709.3454545455" "12762.2363636364"
Cluster 9  "105837.533333333" "113639.966666667" "36854.2333333333" "38792.4333333333"
Cluster 10 "5433467.85"       "5869066.02"       "2174138.76"       "2360424.285"     
           S72013             S72014             S72015             S82011            
Cluster 1  "687716.55"        "755313.05"        "827178.2"         "102351.4"        
Cluster 2  "145259.3"         "161650.05"        "176920.9"         "33073.75"        
Cluster 3  "348054.1"         "375318.166666667" "402652.266666667" "76471.9"         
Cluster 4  "304506.2"         "326933"           "348773.8"         "256443"          
Cluster 5  "29592.694"        "31522.9"          "33208.034"        "4125.902"        
Cluster 6  "45990.55"         "47378.75"         "48776.31"         "16547.14"        
Cluster 7  "772448.66"        "852735.72"        "921818.2"         "547138.44"       
Cluster 8  "14513.7727272727" "15679.6"          "16790.6909090909" "550.209090909091"
Cluster 9  "41294.9666666667" "43776.1"          "45744.5"          "10569.9333333333"
Cluster 10 "2548431.025"      "2812976.265"      "3081064.04"       "810875.945"      
           S82012             S82013             S82014             S82015            
Cluster 1  "109998.5"         "127235.3"         "142219.2"         "146236.85"       
Cluster 2  "38877.95"         "46269.15"         "56069.2"          "59711.4"         
Cluster 3  "82586.6666666667" "96375.1666666667" "102264.233333333" "105510.633333333"
Cluster 4  "280896.1"         "305515.1"         "319825.5"         "347308.6"        
Cluster 5  "4491.334"         "5034.876"         "5530.572"         "5983.998"        
Cluster 6  "18114.27"         "20937.08"         "22629.64"         "22810.81"        
Cluster 7  "590277.66"        "681869.6"         "754332.07"        "783793.16"       
Cluster 8  "611.090909090909" "785.7"            "839.245454545454" "872.272727272727"
Cluster 9  "11752.8"          "13629.3333333333" "14876.5"          "15502.5333333333"
Cluster 10 "867717.28"        "988993.33"        "1061537.955"      "1087399.525"     
           S92011             S92012             S92013             S92014            
Cluster 1  "79903"            "88504.15"         "99384.05"         "104989.7"        
Cluster 2  "34261.85"         "35625.9"          "37525.9"          "41461.7"         
Cluster 3  "38484.4"          "40538.4333333333" "47324.9"          "51636.6666666667"
Cluster 4  "109372.4"         "115675.4"         "123083.1"         "134070.1"        
Cluster 5  "11058.35"         "12163.604"        "13394.63"         "14280.388"       
Cluster 6  "16847.59"         "17355.76"         "18864.83"         "18995.53"        
Cluster 7  "275487.83"        "310738.31"        "351676.9"         "393262.75"       
Cluster 8  "8624.75454545455" "9080.00909090909" "9757.08181818182" "10513.5818181818"
Cluster 9  "14226.8"          "14948.5666666667" "16049.5"          "17013.2666666667"
Cluster 10 "537304.43"        "586462.275"       "646143.695"       "702447.905"      
           S92015             kuadran
Cluster 1  "111439.7"         "K1"   
Cluster 2  "43087.6"          "K3"   
Cluster 3  "54311.8333333333" "K3"   
Cluster 4  "144902.4"         "K1"   
Cluster 5  "15222.538"        "K3"   
Cluster 6  "19224.5"          "K3"   
Cluster 7  "439006.18"        "K1"   
Cluster 8  "11247.8272727273" "K3"   
Cluster 9  "18056.1333333333" "K3"   
Cluster 10 "751427.155"       "K2"   
> modelkmean
              S12011    S12012    S12013    S12014    S12015       S22011       S22012
Cluster 1  1590913.2 1687369.8 1796207.8 1925704.9 2025759.8   131685.650   136953.550
Cluster 2   533983.0  565556.6  587779.7  622156.0  659488.2   975759.600  1002378.650
Cluster 3   552940.6  574863.5  614772.6  641013.3  658635.2    26338.367    28446.733
Cluster 4   993857.3 1039440.7 1083141.8 1129052.7 1171578.7   748956.300   771561.600
Cluster 5   249963.5  263078.8  279115.0  294087.8  312393.5     5937.298     6381.932
Cluster 6   615802.3  615292.2  650326.1  701434.6  752293.6    30014.070    31673.010
Cluster 7   764020.2  823987.0  892784.8  945073.7 1010665.1    52348.160    54897.520
Cluster 8   151491.3  160386.7  169359.2  178960.4  187091.5     5058.327     5969.545
Cluster 9   404858.5  422006.3  443481.6  469112.0  496292.0    11503.700    12242.100
Cluster 10 6505246.8 6910302.7 7322460.6 7728219.1 8198091.7 48295331.600 44940397.250
                S22013       S22014       S22015     S32011     S32012     S32013
Cluster 1    141292.55   146526.500   152090.650  287052.55  294905.65  307705.05
Cluster 2   1047995.75  1114555.100  1192373.900   36625.00   38375.80   39587.05
Cluster 3     30346.80    31277.033    32943.267   90353.43   93340.13   97798.67
Cluster 4    791054.40   794489.500   767327.200 1607452.00 1697787.20 1771961.90
Cluster 5      6873.00     7322.168     7957.240    9417.64   10071.71   10747.29
Cluster 6     33372.76    35144.850    36940.750  656496.00  683867.50  709410.90
Cluster 7     58454.88    63063.140    68109.230  376582.69  394398.77  414587.71
Cluster 8      6756.80     7259.736     7712.282    1129.70    1144.70    1240.10
Cluster 9     13028.10    13869.767    14732.633   37211.17   39270.53   41436.30
Cluster 10 49161271.86 48068667.180 51228879.785 1141243.36 1163470.64 1189060.94
                S32014      S32015      S42011      S42012      S42013      S42014
Cluster 1   330629.300  347458.200  2725.40000  3014.85000  3230.20000  3561.45000
Cluster 2    42726.250   45844.100  1302.75000  1382.15000  1528.80000  1651.55000
Cluster 3   101899.633  105678.067  2993.93333  3322.63333  3606.66667  3746.40000
Cluster 4  1854256.700 1934533.200 76678.10000 84393.00000 88805.10000 94047.20000
Cluster 5    11424.948   12261.996    59.12400    78.37200    84.36000   138.63000
Cluster 6   741155.100  771734.950   106.84000   110.96000   115.67000   122.45000
Cluster 7   448986.060  473538.260  7785.51000  8577.16000  9113.86000  9550.73000
Cluster 8     1314.855    1404.936    23.34545    24.53636    31.71818    50.70909
Cluster 9    43624.400   46129.500   192.63333   213.73333   227.83333   332.60000
Cluster 10 1290862.760 1340571.070 19035.91500 21129.90000 22715.53000 24521.00500
                S42015     S52011    S52012    S52013    S52014    S52015     S62011
Cluster 1   3633.60000  538016.00  619291.7  719006.3  828554.1  971380.0  692518.50
Cluster 2   1709.10000  351152.20  405763.5  458525.6  521346.4  580360.2  300290.95
Cluster 3   3740.66667  188782.27  215722.0  243924.0  261139.7  280552.1  396030.73
Cluster 4  94894.80000  683421.90  728226.4  772719.6  826615.6  879163.9 1013199.60
Cluster 5    157.63800  197928.97  223896.4  251436.1  279933.9  308344.7   53999.65
Cluster 6    120.11000  503434.54  539402.1  606947.5  640815.2  668626.6  116909.10
Cluster 7   9663.74000 2253028.81 2552855.0 2927464.2 3266017.9 3617861.4 2182774.79
Cluster 8     54.11818   97705.08  114646.6  128483.1  140593.6  157107.1   43183.31
Cluster 9    351.53333  251940.40  283529.7  312586.7  347986.1  377630.7   88534.90
Cluster 10 24652.10500 5094529.78 5767427.4 6430323.0 6984003.4 7737895.3 4222713.03
               S62012     S62013     S62014     S62015     S72011     S72012     S72013
Cluster 1   762549.65  834757.40  907753.40  987005.35  561694.25  621913.80  687716.55
Cluster 2   336289.80  380368.40  436182.20  467921.45  122193.75  133007.65  145259.30
Cluster 3   422674.17  465713.13  495409.10  536514.17  295222.63  319494.77  348054.10
Cluster 4  1067911.50 1119272.10 1177297.50 1207751.10  265774.00  284662.60  304506.20
Cluster 5    57945.17   61085.59   63912.81   68707.72   25881.30   27718.94   29592.69
Cluster 6   123664.70  130813.46  138474.87  147955.14   43533.51   44747.89   45990.55
Cluster 7  2315594.02 2528243.40 2701769.36 2927408.75  656267.05  706834.49  772448.66
Cluster 8    48705.12   53233.59   58141.94   61725.96   11709.35   12762.24   14513.77
Cluster 9    93744.90   99369.20  105837.53  113639.97   36854.23   38792.43   41294.97
Cluster 10 4638320.85 5067702.51 5433467.85 5869066.02 2174138.76 2360424.28 2548431.03
               S72014     S72015      S82011      S82012     S82013       S82014
Cluster 1   755313.05  827178.20 102351.4000 109998.5000 127235.300  142219.2000
Cluster 2   161650.05  176920.90  33073.7500  38877.9500  46269.150   56069.2000
Cluster 3   375318.17  402652.27  76471.9000  82586.6667  96375.167  102264.2333
Cluster 4   326933.00  348773.80 256443.0000 280896.1000 305515.100  319825.5000
Cluster 5    31522.90   33208.03   4125.9020   4491.3340   5034.876    5530.5720
Cluster 6    47378.75   48776.31  16547.1400  18114.2700  20937.080   22629.6400
Cluster 7   852735.72  921818.20 547138.4400 590277.6600 681869.600  754332.0700
Cluster 8    15679.60   16790.69    550.2091    611.0909    785.700     839.2455
Cluster 9    43776.10   45744.50  10569.9333  11752.8000  13629.333   14876.5000
Cluster 10 2812976.27 3081064.04 810875.9450 867717.2800 988993.330 1061537.9550
                 S82015     S92011     S92012     S92013    S92014    S92015
Cluster 1   146236.8500  79903.000  88504.150  99384.050 104989.70 111439.70
Cluster 2    59711.4000  34261.850  35625.900  37525.900  41461.70  43087.60
Cluster 3   105510.6333  38484.400  40538.433  47324.900  51636.67  54311.83
Cluster 4   347308.6000 109372.400 115675.400 123083.100 134070.10 144902.40
Cluster 5     5983.9980  11058.350  12163.604  13394.630  14280.39  15222.54
Cluster 6    22810.8100  16847.590  17355.760  18864.830  18995.53  19224.50
Cluster 7   783793.1600 275487.830 310738.310 351676.900 393262.75 439006.18
Cluster 8      872.2727   8624.755   9080.009   9757.082  10513.58  11247.83
Cluster 9    15502.5333  14226.800  14948.567  16049.500  17013.27  18056.13
Cluster 10 1087399.5250 537304.430 586462.275 646143.695 702447.91 751427.15
> kuadran_kemean<-u[,2]
> kuadran_kemean
 [1] "K1" "K3" "K3" "K1" "K3" "K3" "K1" "K3" "K3" "K2"
> klasifikasiKmeanPDRB<-function(data_siap_klasifikasi,model_kmean=modelkmean,kuadran_kemean){
+     for(i in 1:nrow(data_siap_klasifikasi)) {
+         for(j in 1:nrow(model_kmean)){
+             
+         }
+     }
+ }
> nrow(datasetPDRB)
[1] 31
> nrow(datasetPDRB)-2
[1] 29
> klasifikasiKmeanPDRB<-function(data_siap_klasifikasi=datasetPDRB[1:29,2:46],model_kmean=modelkmean,kuadran_kemean){
+     for(i in 1:(nrow(data_siap_klasifikasi))) {
+         for(j in 1:nrow(model_kmean)){
+             jarak<-dist(rbind(model_kmean,data_siap_klasifikasi))
+         }
+     }
+ }
> datasetPDRB[1:29,2:46]
      S12011    S12012    S12013    S12014    S12015      S22011      S22012      S22013
1   269735.6  281670.2  287346.6  296484.8  304022.7      270.15      266.50      250.10
2   707867.7  722932.9  750244.4  760515.9  769149.7    23643.40    25863.60    26655.20
3   615802.3  615292.2  650326.1  701434.6  752293.6    30014.07    31673.01    33372.76
4   149199.4  156302.6  166251.9  177121.3  189681.2     6353.80     6420.00     6619.90
5   182024.0  189671.0  196799.9  206319.0  215812.5    16618.90    17990.00    19594.70
6   125216.6  135689.7  149262.3  163664.1  177556.7     1870.70     1975.70     2073.00
7  1234617.6 1374127.6 1487833.7 1655609.0 1807385.5   173487.10   173452.50   173843.00
8   502826.1  531685.2  559799.0  591037.9  611813.8    45304.70    48916.40    52311.50
9   432726.4  455366.4  488365.8  532227.2  570198.8    15146.10    15919.90    16697.60
10  181146.4  192168.7  205175.6  218147.2  227081.4     9188.10    12136.50    14425.40
11  143068.7  154472.5  165746.1  175628.7  188481.0     8711.70    12128.50    14412.30
12   86411.0   92570.5   99494.7  106836.1  111018.3     4091.80     5098.30     6316.80
13  365730.9  372366.5  379702.6  391530.5  407112.6     4747.30     4902.30     5078.30
14 1947208.9 2000611.9 2104581.9 2195800.8 2244134.0    89884.20   100454.60   108742.10
15  877235.3  936907.9  983120.4 1023444.6 1092923.9 46581724.80 43079560.30 47311397.30
16  823758.6  880943.2  917118.7  974541.1 1035035.4  1186044.90  1215017.50  1259933.30
17  131000.0  144685.2  156748.7  169962.1  176856.0     1414.90     1621.30     1854.30
18  244207.4  250170.0  258440.7  269770.9  283941.0   765474.30   789739.80   836058.20
19  223728.1  234659.6  246285.4  259972.7  274019.3     8886.34     9586.56    10405.60
20  212919.0  218138.5  223176.8  229839.6  241045.9     7193.80     7671.50     8048.10
21  141637.9  146815.9  151755.5  158183.6  159434.2      694.20      732.50      771.80
22  416118.1  438286.1  462376.5  483578.3  511564.7    14617.70    15904.10    17308.40
        S22014      S22015   S32011    S32012    S32013    S32014    S32015  S42011
1       235.44      225.13  26201.8  27902.73  29478.74  30927.94  32657.76  119.48
2     25826.20    28091.30 111678.7 115216.20 115889.40 122002.00 127411.10 4809.70
3     35144.85    36940.75 656496.0 683867.50 709410.90 741155.10 771734.95  106.84
4      6992.60     7435.70   1821.2   1901.90   1996.60   2112.00   2246.30    0.00
5     19253.20    20277.50    370.6    378.20    387.90    397.80    410.50    0.20
6      2185.10     2304.40   1511.4   1601.60   1718.00   1841.70   1994.70    0.00
7    175035.20   176958.10 325451.6 328914.60 334952.20 365056.90 380114.20 2027.60
8     54879.50    56435.20  74481.3  76823.00  80840.80  83980.70  86246.20 2864.20
9     17485.80    18262.60  75517.4  80250.80  85138.90  89963.00  95317.00  303.40
10    16006.30    17108.10    572.3    602.80    634.60    669.20    704.00    0.00
11    15756.90    17246.70   1866.1   1953.60   2024.30   2163.00   2285.70    0.00
12     7580.00     7884.00    302.0    367.00    418.10    477.30    499.90    0.00
13     5271.10     5346.60   9167.7   9398.70   9724.40  10066.10  10517.10   77.40
14   118017.80   127223.20 248653.5 260896.70 280457.90 296201.70 314802.20 3423.20
15 46557521.40 49510078.50  73308.2  75233.60  78451.20  81600.40  86823.20 5856.10
16  1322068.10  1391539.40  65316.5  68735.00  70712.90  76702.70  82544.50 2524.40
17     2121.30     2206.40    457.1    494.30    538.40    581.10    608.50    0.00
18   907042.10   993208.40   7933.5   8016.60   8461.20   8749.80   9143.70   81.10
19    11305.60    11888.57    861.2    954.14   1058.00   1174.00   1302.92    2.04
20     8512.90     8967.70   3920.9   3987.70   4069.20   4118.50   4245.50   51.00
21      815.10      849.90      0.0    135.40    139.40    143.70    148.20   34.50
22    18852.40    20588.70  26948.4  28162.10  29445.60  30844.10  32554.40  197.10
    S42012  S42013  S42014  S42015   S52011   S52012    S52013    S52014    S52015
1   122.06  121.14  120.04  123.89 255144.4 280778.6  310667.5  334620.2  361258.2
2  5334.70 5749.70 6035.30 5986.70 144580.5 167277.1  187808.8  196399.6  209693.3
3   110.96  115.67  122.45  120.11 503434.5 539402.1  606947.5  640815.2  668626.6
4     0.00    0.00    0.00    0.00 130721.4 139913.1  158210.9  179631.9  207081.9
5     0.20   22.70   24.30   25.50  47344.7  55450.5   60279.8   64172.2   70354.2
6     0.00    0.00    0.00    0.00 131974.2 155054.6  172857.6  189553.3  210073.2
7  2245.50 2411.50 2686.80 2692.10 464313.5 546945.4  650016.0  772390.4  944444.4
8  3181.00 3424.70 3494.70 3360.50 303620.2 350766.0  393552.7  425262.3  463993.4
9   341.30  366.50  486.00  517.70 292583.5 339267.7  389249.2  423188.9  451315.2
10    0.00    0.00    0.00    0.00 144007.6 164486.6  177489.7  187231.9  200944.9
11    0.00    0.00    0.00    0.00  94600.1 107836.4  125555.7  136462.1  148582.6
12    0.00    0.00    0.00    0.00  75758.0 105887.0  122216.3  130425.4  141887.2
13   80.40   83.90   90.00   93.60 291824.2 325149.2  346141.7  400753.5  441935.8
14 3784.20 4048.90 4436.10 4575.10 611718.5 691637.9  787996.7  884717.8  998315.6
15 6677.80 7199.00 7596.40 7596.40 937007.7 988262.0 1070084.0 1167889.7 1306343.2
16 2679.80 2970.10 3196.30 3302.00 365388.7 409418.0  462273.9  524773.3  571009.6
17    0.00    0.00    0.00    0.00  68606.7  90097.8  105475.0  116955.3  139773.3
18   84.50   87.50  106.80  116.20 336915.7 402108.9  454777.3  517919.4  589710.9
19   94.20  104.66  116.11  118.70 261457.0 280042.7  299042.7  319304.5  324573.0
20   50.70   51.30   67.00   70.60 172798.9 195904.5  215139.2  224170.5  248966.6
21   36.00   36.60   37.40   38.80 104387.9 117698.8  134336.9  149386.7  174401.7
22  219.50  233.10  421.80  443.30 171413.5 186172.2  202369.2  220015.8  239641.2
      S62011     S62012     S62013     S62014     S62015    S72011    S72012    S72013
1   72399.90   78005.00   80604.60   80681.27   85292.16  25337.00  26551.32  28121.97
2  396808.10  442677.50  490231.40  518233.60  570270.00 265577.70 281350.10 301058.60
3  116909.10  123664.70  130813.46  138474.87  147955.14  43533.51  44747.89  45990.55
4   36265.30   39365.60   42820.90   46800.10   51809.30   4296.00   4387.00   4582.30
5   46817.00   52597.80   58941.20   67373.60   76031.10   5354.70   5755.20   6193.20
6   31707.50   33003.80   36234.10   39801.60   43880.20   4726.50   4909.10   5395.60
7  686980.70  760065.90  828654.40  889702.30  950923.50 688645.50 778412.50 875256.80
8  454764.30  476264.00  516444.50  555250.10  597654.20 469088.60 513405.50 549460.50
9   82403.80   90446.30   98658.40  108004.50  117960.00  12580.70  13454.30  14317.70
10  55109.80   71350.00   77385.90   84428.80   90949.40  18850.50  24751.60  27437.80
11  53112.70   59381.50   62705.80   68597.10   74583.00  19179.00  20686.70  22936.20
12  35691.20   43309.20   49951.80   54995.90   59243.10  18019.20  22801.80  28618.20
13  82796.60   85288.00   88469.70   92712.50   97868.20  25446.50  26277.60  28531.50
14 698056.30  765033.40  840860.40  925804.50 1023087.20 434743.00 465415.10 500176.30
15 926560.00 1018011.50 1103928.90 1176227.70 1259813.80 484165.60 519200.80 552907.90
16 532382.90  599998.40  684631.30  795789.80  854849.70 199348.30 218586.50 240728.90
17  41945.40   50147.50   56720.50   63566.70   67404.90   3627.70   4118.80   4653.00
18  68199.00   72581.20   76105.50   76574.60   80993.20  45039.20  47428.80  49789.70
19  42515.84   44396.06   46366.34   48456.17   50650.45  34232.60  34475.20  34840.50
20  56244.90   55940.50   56562.70   57806.40   60709.70  16368.80  16480.20  16668.00
21  55945.90   59508.60   63270.80   67341.60   71701.10   3663.40   3712.00   4175.40
22 100404.30  105500.40  110979.50  116795.60  125091.70  72535.50  76645.40  81035.70
      S72014     S72015    S82011    S82012    S82013    S82014    S82015   S92011
1   29281.55   30665.62   2191.53   2471.34   2456.57   2513.82   2719.86 11680.70
2  320959.60  328315.50 129447.50 140222.00 158255.80 170476.30 176495.20 29835.20
3   47378.75   48776.31  16547.14  18114.27  20937.08  22629.64  22810.81 16847.59
4    4807.30    5066.00      0.00      0.00   1005.70   1067.60   1096.50  6168.20
5    6581.10    7011.50      0.00      0.00      0.00      0.00      0.00  1979.40
6    5843.30    6377.40      0.00      0.00      0.00      0.00      0.00  8037.70
7  963887.20 1066634.30  67231.60  72142.50  83403.40  97510.10 103418.80 86312.40
8  592028.20  645860.40  43209.30  46782.60  54662.10  58196.60  58469.30 39688.20
9   15400.90   16223.20  14507.70  15909.40  18311.40  19773.50  20219.10 14966.40
10  29350.70   31195.30      0.00      0.00      0.00      0.00      0.00 10548.90
11  24693.30   25557.60    668.10    669.00    720.00    735.40    736.60 11471.50
12  31514.30   33143.40    185.40    200.10    232.10    275.50    277.60 10407.50
13  29991.20   31502.80   5792.60   6829.00   8230.00   9455.70  10185.30 10989.50
14 546738.90  587722.10 137471.20 147854.50 171067.20 186928.30 189054.90 73493.60
15 601565.40  654532.20 215460.10 218733.70 250678.30 270282.20 273345.20 97701.90
16 270943.10  298277.80  63381.60  74518.80  88810.50 107937.80 114932.10 55004.50
17   5328.90    6069.10      0.00      0.00      0.00      0.00      0.00 10692.00
18  52357.00   55564.00   2765.90   3237.10   3727.80   4200.60   4490.70 13519.20
19  35712.75   35422.65   9703.48  10154.83  11446.71  12457.24  13356.03 10099.45
20  17900.40   18818.00   1131.20   1179.30   1278.30   1350.40   1362.90  8963.90
21   3860.20    3999.10    235.00    257.20    277.10    290.40    290.80  1484.50
22  85936.20   89507.50  11409.50  12520.00  14346.60  15400.30  16103.20 16724.50
      S92012    S92013    S92014    S92015
1   12650.30  13181.40  13463.48  14117.19
2   32045.20  35440.00  38515.90  39404.10
3   17355.76  18864.83  18995.53  19224.50
4    6292.20   6495.60   6804.10   7254.70
5    2041.80   2100.20   2498.70   2610.60
6    8179.00   8761.30   9260.90   9930.10
7   94933.10 106268.80 116313.00 125176.00
8   42262.40  47733.30  52042.10  54425.70
9   15750.40  16548.00  17709.90  18601.10
10  11053.50  11360.10  11689.90  12180.20
11  12632.20  14698.60  16788.00  19349.30
12  10882.90  11501.60  12131.70  12645.10
13  11323.90  12723.70  13250.60  13998.10
14  82075.20  92499.30  93666.40  97703.40
15 107069.90 115397.00 127369.60 135391.90
16  57331.10  60389.30  67432.30  69868.50
17  11609.20  12588.40  13622.40  14169.20
18  13920.70  14662.50  15491.10  16306.70
19  11497.92  12030.85  12283.96  12567.10
20   9215.50  10360.00  10918.10  11090.20
21   1538.20   1598.70   1664.10   1731.10
22  17771.40  18876.80  20079.30  21569.20
 [ reached 'max' / getOption("max.print") -- omitted 7 rows ]
> modelkmean
              S12011    S12012    S12013    S12014    S12015       S22011       S22012
Cluster 1  1590913.2 1687369.8 1796207.8 1925704.9 2025759.8   131685.650   136953.550
Cluster 2   533983.0  565556.6  587779.7  622156.0  659488.2   975759.600  1002378.650
Cluster 3   552940.6  574863.5  614772.6  641013.3  658635.2    26338.367    28446.733
Cluster 4   993857.3 1039440.7 1083141.8 1129052.7 1171578.7   748956.300   771561.600
Cluster 5   249963.5  263078.8  279115.0  294087.8  312393.5     5937.298     6381.932
Cluster 6   615802.3  615292.2  650326.1  701434.6  752293.6    30014.070    31673.010
Cluster 7   764020.2  823987.0  892784.8  945073.7 1010665.1    52348.160    54897.520
Cluster 8   151491.3  160386.7  169359.2  178960.4  187091.5     5058.327     5969.545
Cluster 9   404858.5  422006.3  443481.6  469112.0  496292.0    11503.700    12242.100
Cluster 10 6505246.8 6910302.7 7322460.6 7728219.1 8198091.7 48295331.600 44940397.250
                S22013       S22014       S22015     S32011     S32012     S32013
Cluster 1    141292.55   146526.500   152090.650  287052.55  294905.65  307705.05
Cluster 2   1047995.75  1114555.100  1192373.900   36625.00   38375.80   39587.05
Cluster 3     30346.80    31277.033    32943.267   90353.43   93340.13   97798.67
Cluster 4    791054.40   794489.500   767327.200 1607452.00 1697787.20 1771961.90
Cluster 5      6873.00     7322.168     7957.240    9417.64   10071.71   10747.29
Cluster 6     33372.76    35144.850    36940.750  656496.00  683867.50  709410.90
Cluster 7     58454.88    63063.140    68109.230  376582.69  394398.77  414587.71
Cluster 8      6756.80     7259.736     7712.282    1129.70    1144.70    1240.10
Cluster 9     13028.10    13869.767    14732.633   37211.17   39270.53   41436.30
Cluster 10 49161271.86 48068667.180 51228879.785 1141243.36 1163470.64 1189060.94
                S32014      S32015      S42011      S42012      S42013      S42014
Cluster 1   330629.300  347458.200  2725.40000  3014.85000  3230.20000  3561.45000
Cluster 2    42726.250   45844.100  1302.75000  1382.15000  1528.80000  1651.55000
Cluster 3   101899.633  105678.067  2993.93333  3322.63333  3606.66667  3746.40000
Cluster 4  1854256.700 1934533.200 76678.10000 84393.00000 88805.10000 94047.20000
Cluster 5    11424.948   12261.996    59.12400    78.37200    84.36000   138.63000
Cluster 6   741155.100  771734.950   106.84000   110.96000   115.67000   122.45000
Cluster 7   448986.060  473538.260  7785.51000  8577.16000  9113.86000  9550.73000
Cluster 8     1314.855    1404.936    23.34545    24.53636    31.71818    50.70909
Cluster 9    43624.400   46129.500   192.63333   213.73333   227.83333   332.60000
Cluster 10 1290862.760 1340571.070 19035.91500 21129.90000 22715.53000 24521.00500
                S42015     S52011    S52012    S52013    S52014    S52015     S62011
Cluster 1   3633.60000  538016.00  619291.7  719006.3  828554.1  971380.0  692518.50
Cluster 2   1709.10000  351152.20  405763.5  458525.6  521346.4  580360.2  300290.95
Cluster 3   3740.66667  188782.27  215722.0  243924.0  261139.7  280552.1  396030.73
Cluster 4  94894.80000  683421.90  728226.4  772719.6  826615.6  879163.9 1013199.60
Cluster 5    157.63800  197928.97  223896.4  251436.1  279933.9  308344.7   53999.65
Cluster 6    120.11000  503434.54  539402.1  606947.5  640815.2  668626.6  116909.10
Cluster 7   9663.74000 2253028.81 2552855.0 2927464.2 3266017.9 3617861.4 2182774.79
Cluster 8     54.11818   97705.08  114646.6  128483.1  140593.6  157107.1   43183.31
Cluster 9    351.53333  251940.40  283529.7  312586.7  347986.1  377630.7   88534.90
Cluster 10 24652.10500 5094529.78 5767427.4 6430323.0 6984003.4 7737895.3 4222713.03
               S62012     S62013     S62014     S62015     S72011     S72012     S72013
Cluster 1   762549.65  834757.40  907753.40  987005.35  561694.25  621913.80  687716.55
Cluster 2   336289.80  380368.40  436182.20  467921.45  122193.75  133007.65  145259.30
Cluster 3   422674.17  465713.13  495409.10  536514.17  295222.63  319494.77  348054.10
Cluster 4  1067911.50 1119272.10 1177297.50 1207751.10  265774.00  284662.60  304506.20
Cluster 5    57945.17   61085.59   63912.81   68707.72   25881.30   27718.94   29592.69
Cluster 6   123664.70  130813.46  138474.87  147955.14   43533.51   44747.89   45990.55
Cluster 7  2315594.02 2528243.40 2701769.36 2927408.75  656267.05  706834.49  772448.66
Cluster 8    48705.12   53233.59   58141.94   61725.96   11709.35   12762.24   14513.77
Cluster 9    93744.90   99369.20  105837.53  113639.97   36854.23   38792.43   41294.97
Cluster 10 4638320.85 5067702.51 5433467.85 5869066.02 2174138.76 2360424.28 2548431.03
               S72014     S72015      S82011      S82012     S82013       S82014
Cluster 1   755313.05  827178.20 102351.4000 109998.5000 127235.300  142219.2000
Cluster 2   161650.05  176920.90  33073.7500  38877.9500  46269.150   56069.2000
Cluster 3   375318.17  402652.27  76471.9000  82586.6667  96375.167  102264.2333
Cluster 4   326933.00  348773.80 256443.0000 280896.1000 305515.100  319825.5000
Cluster 5    31522.90   33208.03   4125.9020   4491.3340   5034.876    5530.5720
Cluster 6    47378.75   48776.31  16547.1400  18114.2700  20937.080   22629.6400
Cluster 7   852735.72  921818.20 547138.4400 590277.6600 681869.600  754332.0700
Cluster 8    15679.60   16790.69    550.2091    611.0909    785.700     839.2455
Cluster 9    43776.10   45744.50  10569.9333  11752.8000  13629.333   14876.5000
Cluster 10 2812976.27 3081064.04 810875.9450 867717.2800 988993.330 1061537.9550
                 S82015     S92011     S92012     S92013    S92014    S92015
Cluster 1   146236.8500  79903.000  88504.150  99384.050 104989.70 111439.70
Cluster 2    59711.4000  34261.850  35625.900  37525.900  41461.70  43087.60
Cluster 3   105510.6333  38484.400  40538.433  47324.900  51636.67  54311.83
Cluster 4   347308.6000 109372.400 115675.400 123083.100 134070.10 144902.40
Cluster 5     5983.9980  11058.350  12163.604  13394.630  14280.39  15222.54
Cluster 6    22810.8100  16847.590  17355.760  18864.830  18995.53  19224.50
Cluster 7   783793.1600 275487.830 310738.310 351676.900 393262.75 439006.18
Cluster 8      872.2727   8624.755   9080.009   9757.082  10513.58  11247.83
Cluster 9    15502.5333  14226.800  14948.567  16049.500  17013.27  18056.13
Cluster 10 1087399.5250 537304.430 586462.275 646143.695 702447.91 751427.15
> klasifikasiKmeanPDRB<-function(data_siap_klasifikasi=datasetPDRB[1:29,2:46],model_kmean=modelkmean,kuadran_kemean){
+     for(i in 1:(nrow(data_siap_klasifikasi))) {
+         jarak_min<-0
+         for(j in 1:nrow(model_kmean)){
+             jarak<-dist(rbind(model_kmean[j,],data_siap_klasifikasi[i,]))
+             
+         }
+     }
+ }
> b<-c()
> b=b+c(2)
> b
numeric(0)
> b=b+c(3)
> b
numeric(0)
> b<-c(2,3)
> b
[1] 2 3
> b<-c(3)
> b
[1] 3
> b<-cbind(b,c(2))
> b
     b  
[1,] 3 2
> b<-c(2)
> b
[1] 2
> b<-cbind(b,c(3,4,5))
> b
     b  
[1,] 2 3
[2,] 2 4
[3,] 2 5
> b<-c(2)
> b
[1] 2
> append(b,c(3,4))
[1] 2 3 4
> b
[1] 2
> klasifikasiKmeanPDRB<-function(data_siap_klasifikasi=datasetPDRB[1:29,2:46],model_kmean=modelkmean,kuadran_kemean){
+     for(i in 1:(nrow(data_siap_klasifikasi))) {
+         jarak<-c()
+         for(j in 1:nrow(model_kmean)){
+             jarak<-append(jarak,c(dist(rbind(model_kmean[j,],data_siap_klasifikasi[i,]))))
+         }
+         jarak_min<-jarak
+     }
+     return(jarak_min)
+ }
> okbro<-klasifikasiKmeanPDRB()
> okbro
 [1]   6724445   8071399   7924078   6939517   8717116   7960878         0   8978435
 [9]   8496231 109537854
> min(okbro)
[1] 0
> klasifikasiKmeanPDRB<-function(data_siap_klasifikasi=datasetPDRB[1:29,2:46],model_kmean=modelkmean,kuadran_kemean){
+     data<-data.frame()
+     for(i in 1:(nrow(data_siap_klasifikasi))) {
+         jarak<-c()
+         for(j in 1:nrow(model_kmean)){
+             jarak<-append(jarak,c(dist(rbind(model_kmean[j,],data_siap_klasifikasi[i,]))))
+         }
+         jarak_min<-jarak
+         data<-cbind(data,jarak_min)
+     }
+     return(data)
+ }
> okbro<-klasifikasiKmeanPDRB()
 Error in data.frame(..., check.names = FALSE) : 
  arguments imply differing number of rows: 0, 10 
> klasifikasiKmeanPDRB<-function(data_siap_klasifikasi=datasetPDRB[1:29,2:46],model_kmean=modelkmean,kuadran_kemean){
+     data<-c(1,2,3,4,5,6,7,8,9,10)
+     for(i in 1:(nrow(data_siap_klasifikasi))) {
+         jarak<-c()
+         for(j in 1:nrow(model_kmean)){
+             jarak<-append(jarak,c(dist(rbind(model_kmean[j,],data_siap_klasifikasi[i,]))))
+         }
+         jarak_min<-jarak
+         data<-cbind(data,jarak_min)
+     }
+     return(data)
+ }
> okbro<-klasifikasiKmeanPDRB()
> okbro
      data   jarak_min   jarak_min jarak_min    jarak_min   jarak_min   jarak_min
 [1,]    1   4286168.6   3011466.2   3503812   4638752.78   4641918.7   4669365.1
 [2,]    2   2624504.6   2495361.8   2852201   2783731.66   2795809.3   2805225.5
 [3,]    3   1372701.7    381697.6   1896505   1609791.40   1587874.2   1639663.6
 [4,]    4   5376322.2   4596710.0   3893370   5622963.49   5639370.6   5641963.2
 [5,]    5    142788.9   1595756.8   1958510    330200.49    479055.2    351509.1
 [6,]    6   1869649.1   1924812.8         0   2183105.19   2263024.8   2196461.8
 [7,]    7   8601225.6   7970353.7   7960878   8940571.03   9072082.7   8942885.9
 [8,]    8    493687.6   1788823.1   2216288     87665.56    172930.0    117648.1
 [9,]    9    367379.3   1321052.4   1701650    735487.82    818179.8    762597.8
[10,]   10 110975626.7 110685581.9 110666628 111053132.71 111043553.8 111067767.5
        jarak_min   jarak_min   jarak_min   jarak_min    jarak_min   jarak_min   jarak_min
 [1,]    811477.7   3074167.5   3851674.8   4521450.1   4637075.46   4771465.6   4086825.5
 [2,]   3576302.7   2480536.7   2480700.0   2711739.3   2779076.15   2860015.6   2546866.6
 [3,]   2791065.0    607766.6   1197579.8   1489480.6   1578161.73   1693223.8   1283053.6
 [4,]   3939123.4   4649836.1   5082609.5   5547324.5   5618263.29   5699453.3   5304740.9
 [5,]   4014621.1   1730133.7    598018.9    250346.8    390676.71    510806.2    344248.1
 [6,]   3248969.1   2086883.2   1535719.0   2125618.2   2221911.28   2313356.5   1780646.8
 [7,]   6689067.3   7574890.2   8383706.0   8853810.6   8968336.89   9027312.5   8474006.6
 [8,]   4291558.1   1935163.2    954470.5    145838.6     40464.56    163180.5    717765.8
 [9,]   3662456.7   1529690.4    220387.9    640234.0    776566.15    913127.7    201228.2
[10,] 109869320.4 110598974.0 110846796.8 111012765.2 111043474.16 111086418.2 110918456.2
        jarak_min jarak_min jarak_min    jarak_min jarak_min   jarak_min   jarak_min
 [1,]    811477.7 104027524   3485705   4687494.61   4543154   4395488.5   4487348.3
 [2,]   4317948.4 101964615   1156020   2829027.29   1156020   2652684.8   2704142.8
 [3,]   3723932.8 104287131   2984169   1628597.73   2373440   1461764.9   1492939.3
 [4,]   4393050.4 102665671   4196501   5659476.85   5092691   5478734.0   5530861.4
 [5,]   4796699.6 104369557   3574718    438113.36   1972731    136013.6    162402.4
 [6,]   3913386.0 104295217   3475930   2257793.70   2619309   1976714.9   2066910.5
 [7,]   6856362.0 104331529   7724883   9019357.78   8561185   8684104.8   8818560.7
 [8,]   5102058.2 104380729   3743152     67387.52   2070847    420845.4    225871.1
 [9,]   4394275.1 104345886   3368317    822245.23   1976101    476556.5    570174.0
[10,] 109864410.0  21743185 107782861 111081386.33 109066586 110977644.3 111013743.8
         jarak_min   jarak_min   jarak_min   jarak_min   jarak_min   jarak_min   jarak_min
 [1,]   4671656.24   3966752.9   4654124.5   4494594.0   4209002.4   4371593.9   4706275.4
 [2,]   2812384.99   2527755.8   2806316.7   2743696.6   2600463.9   2669703.2   2847154.7
 [3,]   1617411.72   1077418.7   1632161.0   1464431.0   1331359.8   1384151.9   1639040.4
 [4,]   5640711.69   5250449.0   5641704.5   5565078.1   5387636.7   5485451.5   5677980.5
 [5,]    396222.07    457656.2    342841.9    308247.0    205767.8    159667.1    486801.9
 [6,]   2229936.71   1822361.2   2187247.6   2140784.2   1878903.1   2026453.0   2289537.8
 [7,]   8964395.47   8638624.0   8976357.1   8939523.2   8667925.6   8819239.2   9065167.0
 [8,]     62414.25    711325.1    102619.5    179551.9    535036.0    297964.9    119303.7
 [9,]    791950.24    272451.8    743546.5    645347.8    284747.6    485103.4    860848.5
[10,] 111075177.86 110898080.1 111068569.8 111039513.8 110955143.6 110996600.8 111088014.8
        jarak_min jarak_min
 [1,]   3570271.5   6724445
 [2,]   2484725.9   8071399
 [3,]    490008.8   7924078
 [4,]   4869486.6   6939517
 [5,]   1048102.7   8717116
 [6,]   1866920.6   7960878
 [7,]   8259704.9         0
 [8,]   1199916.7   8978435
 [9,]    864876.5   8496231
[10,] 110827576.7 109537854
> klasifikasiKmeanPDRB<-function(data_siap_klasifikasi=datasetPDRB[1:29,2:46],model_kmean=modelkmean,kuadran_kemean){
+     data<-c()
+     for(i in 1:(nrow(data_siap_klasifikasi))) {
+         jarak<-c()
+         for(j in 1:nrow(model_kmean)){
+             jarak<-append(jarak,c(dist(rbind(model_kmean[j,],data_siap_klasifikasi[i,]))))
+         }
+         jarak_min<-min(jarak)
+         data<-append(data,c(jarak_min))
+     }
+     return(data)
+ }
> okbro<-klasifikasiKmeanPDRB()
> okbro
 [1]   142788.87   381697.65        0.00    87665.56   172930.04   117648.13   811477.70
 [8]   607766.64   220387.88   145838.57    40464.56   163180.53   201228.19   811477.70
[15] 21743185.05  1156020.29    67387.52  1156020.29   136013.56   162402.41    62414.25
[22]   272451.79   102619.54   179551.91   205767.78   159667.14   119303.69   490008.83
[29]        0.00
> okbro[,1]
Error in okbro[, 1] : incorrect number of dimensions
> t(okbro)
         [,1]     [,2] [,3]     [,4]   [,5]     [,6]     [,7]     [,8]     [,9]    [,10]
[1,] 142788.9 381697.6    0 87665.56 172930 117648.1 811477.7 607766.6 220387.9 145838.6
        [,11]    [,12]    [,13]    [,14]    [,15]   [,16]    [,17]   [,18]    [,19]
[1,] 40464.56 163180.5 201228.2 811477.7 21743185 1156020 67387.52 1156020 136013.6
        [,20]    [,21]    [,22]    [,23]    [,24]    [,25]    [,26]    [,27]    [,28]
[1,] 162402.4 62414.25 272451.8 102619.5 179551.9 205767.8 159667.1 119303.7 490008.8
     [,29]
[1,]     0
> t(okbro)[,1]
[1] 142788.9
> klasifikasiKmeanPDRB<-function(data_siap_klasifikasi=datasetPDRB[1:29,2:46],model_kmean=modelkmean,kuadran_kemean){
+     data<-c()
+     for(i in 1:(nrow(data_siap_klasifikasi))) {
+         jarak<-c()
+         for(j in 1:nrow(model_kmean)){
+             jarak<-append(jarak,c(dist(rbind(model_kmean[j,],data_siap_klasifikasi[i,]))))
+         }
+         jarak_min<-min(jarak)
+         data<-append(data,c(jarak_min))
+     }
+     return(data)
+ }
> n = c(2, 3, 5) 
> s = c("aa", "bb", "cc") 
> b = c(TRUE, FALSE, TRUE) 
> df = data.frame(n, s, b)
> df
  n  s     b
1 2 aa  TRUE
2 3 bb FALSE
3 5 cc  TRUE
> df[1,2]
[1] aa
Levels: aa bb cc
> df[1,]
  n  s    b
1 2 aa TRUE
> klasifikasiKmeanPDRB<-function(data_siap_klasifikasi=datasetPDRB[1:29,2:46],model_kmean=modelkmean,kuadran_kemean){
+     data<-data.frame(jarak<-c(0,0,0,0,0,0,0,0,0,0),kuadran_kemean)
+     for(i in 1:(nrow(data_siap_klasifikasi))) {
+         jarak<-c()
+         for(j in 1:nrow(model_kmean)){
+             jarak<-append(jarak,c(dist(rbind(model_kmean[j,],data_siap_klasifikasi[i,]))))
+         }
+         jarak_min<-min(jarak)
+         data<-append(data,c(jarak_min))
+     }
+     return(data)
+ }
> u
   nama.wilayah kuadran_wilayah
1      cluster1              K1
2      cluster2              K3
3      cluster3              K3
4      cluster4              K1
5      cluster5              K3
6      cluster6              K3
7      cluster7              K1
8      cluster8              K3
9      cluster9              K3
10    cluster10              K2
> kuadran_kemean<-u[,kuadran_wilayah]
Error in `[.data.frame`(u, , kuadran_wilayah) : 
  object 'kuadran_wilayah' not found
> kuadran_kemean<-u[,2]
> kuadran_kemean
 [1] "K1" "K3" "K3" "K1" "K3" "K3" "K1" "K3" "K3" "K2"
> data<-data.frame(jarak<-c(0,0,0,0,0,0,0,0,0,0),kuadran_kemean)
> data
   jarak....c.0..0..0..0..0..0..0..0..0..0. kuadran_kemean
1                                         0             K1
2                                         0             K3
3                                         0             K3
4                                         0             K1
5                                         0             K3
6                                         0             K3
7                                         0             K1
8                                         0             K3
9                                         0             K3
10                                        0             K2
> data<-data.frame(jarak=jarak<-c(0,0,0,0,0,0,0,0,0,0),kuadran_kemean)
> data
   jarak kuadran_kemean
1      0             K1
2      0             K3
3      0             K3
4      0             K1
5      0             K3
6      0             K3
7      0             K1
8      0             K3
9      0             K3
10     0             K2
> data<-data.frame(jarak<-c(0,0,0,0,0,0,0,0,0,0),kuadran_kemean)
> data
   jarak....c.0..0..0..0..0..0..0..0..0..0. kuadran_kemean
1                                         0             K1
2                                         0             K3
3                                         0             K3
4                                         0             K1
5                                         0             K3
6                                         0             K3
7                                         0             K1
8                                         0             K3
9                                         0             K3
10                                        0             K2
> data<-data.frame(jarak=c(0,0,0,0,0,0,0,0,0,0),kuadran_kemean)
> data
   jarak kuadran_kemean
1      0             K1
2      0             K3
3      0             K3
4      0             K1
5      0             K3
6      0             K3
7      0             K1
8      0             K3
9      0             K3
10     0             K2
> klasifikasiKmeanPDRB<-function(data_siap_klasifikasi=datasetPDRB[1:29,2:46],model_kmean=modelkmean,kuadran_kemean){
+     data<-c()
+     for(i in 1:(nrow(data_siap_klasifikasi))) {
+         jarak<-c()
+         for(j in 1:nrow(model_kmean)){
+             jarak<-append(jarak,c(dist(rbind(model_kmean[j,],data_siap_klasifikasi[i,]))))
+         }
+         jarak_min<-min(jarak)
+         data<-append(data,c(jarak_min))
+     }
+     return(data)
+ }
> okbro<-klasifikasiKmeanPDRB()
> okbro
 [1]   142788.87   381697.65        0.00    87665.56   172930.04   117648.13   811477.70
 [8]   607766.64   220387.88   145838.57    40464.56   163180.53   201228.19   811477.70
[15] 21743185.05  1156020.29    67387.52  1156020.29   136013.56   162402.41    62414.25
[22]   272451.79   102619.54   179551.91   205767.78   159667.14   119303.69   490008.83
[29]        0.00
> klasifikasiKmeanPDRB<-function(data_siap_klasifikasi=datasetPDRB[1:29,2:46],model_kmean=modelkmean,kuadran_kemean){
+     #data<-c()
+     for(i in 1:(nrow(data_siap_klasifikasi))) {
+         jarak<-c()
+         for(j in 1:nrow(model_kmean)){
+             jarak<-append(jarak,c(dist(rbind(model_kmean[j,],data_siap_klasifikasi[i,]))))
+         }
+         jarak_min<-min(jarak)
+         gabungan_jarak_kuadran<-cbind(jarak,kuadran_kemean)
+         
+         #data<-append(data,c(jarak_min))
+     }
+     return(data)
+ }
> b<-c(1,2,3)
> c<-c(2,3,4)
> v<-cbind(b,c)
> v
     b c
[1,] 1 2
[2,] 2 3
[3,] 3 4
> h<-c("d","f","g")
> v<-cbind(b,c,h)
> v
     b   c   h  
[1,] "1" "2" "d"
[2,] "2" "3" "f"
[3,] "3" "4" "g"
> s<-data.frame(b,c)
> s
  b c
1 1 2
2 2 3
3 3 4
> s<-data.frame(b,c,h)
> s
  b c h
1 1 2 d
2 2 3 f
3 3 4 g
> klasifikasiKmeanPDRB<-function(data_siap_klasifikasi=datasetPDRB[1:29,2:46],model_kmean=modelkmean,kuadran_kmean=kuadran_kemean){
+     #data<-c()
+     klasifikasi<-data.frame()
+     for(i in 1:(nrow(data_siap_klasifikasi))) {
+         jarak<-c()
+         for(j in 1:nrow(model_kmean)){
+             jarak<-append(jarak,c(dist(rbind(model_kmean[j,],data_siap_klasifikasi[i,]))))
+         }
+         jarak_min<-min(jarak)
+         gabungan_jarak_kuadran<-data.frame(jarak,kuadran_kmean)
+         for(k in 1:nrow(gabungan_jarak_kuadran)){
+             if(jarak_min==gabungan_jarak_kuadran[k,1]) klasifikasi[i,"kuadran"]=gabungan_jarak_kuadran[k,2]
+         }
+         #data<-append(data,c(jarak_min))
+     }
+     return(klasifikasi)
+ }
> kuadran_kemean
 [1] "K1" "K3" "K3" "K1" "K3" "K3" "K1" "K3" "K3" "K2"
> okbro<-klasifikasiKmeanPDRB()
> okbro
   kuadran
1       K3
2       K3
3       K3
4       K3
5       K3
6       K3
7       K1
8       K3
9       K3
10      K3
11      K3
12      K3
13      K3
14      K1
15      K2
16      K3
17      K3
18      K3
19      K3
20      K3
21      K3
22      K3
23      K3
24      K3
25      K3
26      K3
27      K3
28      K3
29      K1